Microchip MPLAB XC8 Compiler V2.45

Linker command line:

-W-3 \
  --edf=C:\Program Files\Microchip\xc8\v2.45\pic\dat\20230818022343_en.msgs \
  -cn -h+dist/default/debug\LocoNetDriver.X.debug.sym \
  --cmf=dist/default/debug\LocoNetDriver.X.debug.cmf -z -Q18F4620 \
  -oC:\Users\user\AppData\Local\Temp\xcAs9ro.\driver_tmp_3.o \
  --defsym=__MPLAB_BUILD=1 --fixupoverflow=error \
  -Mdist/default/debug/LocoNetDriver.X.debug.map \
  --md=C:\Users\user\AppData\Local\Temp\xcAs9ro.\driver_tmp_0.dat -E1 \
  -ver=XC8 Compiler --acfsm=1493 -AHEAP=0B6h-0EEEh -pheap=HEAP \
  -ACODE=00h-0FCFFh -ACONST=00h-0FCFFh -ASMALLCONST=01000h-010FFhx237 \
  -AMEDIUMCONST=01000h-0FCFFh -ACOMRAM=01h-07Fh \
  -AABS1=00h-0EEEh,0F00h-0F7Fh -ABIGRAM=01h-0EEEh,0F00h-0F7Fh \
  -ARAM=080h-0FFh,0100h-01FFhx13,0E00h-0EEEh,0F00h-0F7Fh -ABANK0=080h-0FFh \
  -ABANK1=0100h-01FFh -ABANK2=0200h-02FFh -ABANK3=0300h-03FFh \
  -ABANK4=0400h-04FFh -ABANK5=0500h-05FFh -ABANK6=0600h-06FFh \
  -ABANK7=0700h-07FFh -ABANK8=0800h-08FFh -ABANK9=0900h-09FFh \
  -ABANK10=0A00h-0AFFh -ABANK11=0B00h-0BFFh -ABANK12=0C00h-0CFFh \
  -ABANK13=0D00h-0DFFh -ABANK14=0E00h-0EEEh -ABANK15=0F00h-0F7Fh \
  -ASFR=0F80h-0F9Bh,0F9Dh-0FD3h,0FD5h-0FDAh,0FE0h-0FE2h,0FE8h-0FEAh,0FF0h-0FFBh \
  -ABIGSFR=0F80h-0F9Bh,0F9Dh-0FD3h,0FD5h-0FDAh,0FE0h-0FE2h,0FE8h-0FEAh,0FF0h-0FFBh \
  -ACONFIG=0300000h-030000Dh -AIDLOC=0200000h-0200007h \
  -AEEDATA=0F00000h-0F003FFh -peeprom_data=EEDATA \
  -preset_vec=00h,intcode,intcodelo=018h,powerup,init -pramtop=01000h \
  -psmallconst=SMALLCONST -pmediumconst=MEDIUMCONST -pconst=CONST \
  -AFARRAM=00h-00h \
  -prdata=COMRAM,nvrram=COMRAM,nvbit=COMRAM,rbss=COMRAM,rbit=COMRAM \
  -pfarbss=FARRAM,fardata=FARRAM,nvFARRAM=FARRAM \
  -pintsave_regs=BIGRAM,bigbss=BIGRAM,bigdata=BIGRAM -pbss=RAM \
  -pidata=CODE,irdata=CODE,ibigdata=CODE,ifardata=CODE -prparam=COMRAM \
  C:\Users\user\AppData\Local\Temp\xcAs9ro.\driver_tmp_9.o \
  dist/default/debug\LocoNetDriver.X.debug.o 

Object code version is 3.11

Machine type is 18F4620



                Name                               Link     Load   Length Selector   Space Scale
C:\Users\user\AppData\Local\Temp\xcAs9ro.\driver_tmp_9.o
                heap                                 B6       B6      E39       B6       7
                idloc                            200000   200000        8        0       5
                config                           300000   300000        E        0       4
                init                                140      140        4        C       0
                reset_vec                             0        0        6        0       0
dist/default/debug\LocoNetDriver.X.debug.o
                intcodelo                            18       18      128        C       0
                idloc                            200000   200000        8        0       5
                config                           300000   300000        E        0       4
                temp                                 58       58        1        1       1
                smallconst                         1000     1000        2      800       0
                text31                             1E28     1E28       B0      801       0
                text30                             240C     240C       30      801       0
                text29                             1D6E     1D6E       BA      801       0
                text28                             19BC     19BC      15C      801       0
                text27                             1F86     1F86       AE      801       0
                text26                             1002     1002      27A      801       0
                text25                             185A     185A      162      801       0
                text24                             1C6C     1C6C      102      801       0
                text23                             23DA     23DA       32      801       0
                text22                             2346     2346       4E      801       0
                text21                             24A4     24A4       16      801       0
                text20                             20BA     20BA       82      801       0
                text19                             14F4     14F4      202      801       0
                text18                             2464     2464       22      801       0
                text17                             21AC     21AC       6E      801       0
                text16                             243C     243C       28      801       0
                text15                             1B18     1B18      154      801       0
                text14                             221A     221A       66      801       0
                text13                             2034     2034       86      801       0
                text12                             24BA     24BA       12      801       0
                text10                             24F4     24F4        8      801       0
                text9                              24EA     24EA        A      801       0
                text8                              2486     2486       1E      801       0
                text7                              24CC     24CC       10      801       0
                text6                              1ED8     1ED8       AE      801       0
                text5                              127C     127C      278      801       0
                text4                              16F6     16F6      164      801       0
                text3                              213C     213C       70      801       0
                text2                              24DC     24DC        E      801       0
                text1                              22E4     22E4       62      801       0
                text0                              2280     2280       64      801       0
                cstackCOMRAM                          1        1       46        1       1
                cstackBANK0                          80       80       26       80       1
                dataBANK0                            B2       B2        4       80       1
                bssBANK0                             A6       A6        C       80       1
                bssCOMRAM                            47       47       11        1       1
                cinit                              2394     2394       46      801       0
                idataBANK0                         24FC     24FC        4      801       0

TOTAL           Name                               Link     Load   Length     Space
        CLASS   HEAP           
                heap                                 B6       B6      E39         7

        CLASS   CODE           
                intcodelo                            18       18      128         0
                init                                140      140        4         0
                reset_vec                             0        0        6         0
                text31                             1E28     1E28       B0         0
                text30                             240C     240C       30         0
                text29                             1D6E     1D6E       BA         0
                text28                             19BC     19BC      15C         0
                text27                             1F86     1F86       AE         0
                text26                             1002     1002      27A         0
                text25                             185A     185A      162         0
                text24                             1C6C     1C6C      102         0
                text23                             23DA     23DA       32         0
                text22                             2346     2346       4E         0
                text21                             24A4     24A4       16         0
                text20                             20BA     20BA       82         0
                text19                             14F4     14F4      202         0
                text18                             2464     2464       22         0
                text17                             21AC     21AC       6E         0
                text16                             243C     243C       28         0
                text15                             1B18     1B18      154         0
                text14                             221A     221A       66         0
                text13                             2034     2034       86         0
                text12                             24BA     24BA       12         0
                text10                             24F4     24F4        8         0
                text9                              24EA     24EA        A         0
                text8                              2486     2486       1E         0
                text7                              24CC     24CC       10         0
                text6                              1ED8     1ED8       AE         0
                text5                              127C     127C      278         0
                text4                              16F6     16F6      164         0
                text3                              213C     213C       70         0
                text2                              24DC     24DC        E         0
                text1                              22E4     22E4       62         0
                text0                              2280     2280       64         0
                cinit                              2394     2394       46         0
                idataBANK0                         24FC     24FC        4         0

        CLASS   CONST          

        CLASS   SMALLCONST     
                smallconst                         1000     1000        2         0

        CLASS   MEDIUMCONST    

        CLASS   COMRAM         
                temp                                 58       58        1         1
                cstackCOMRAM                          1        1       46         1
                bssCOMRAM                            47       47       11         1

        CLASS   ABS1           

        CLASS   BIGRAM         

        CLASS   RAM            

        CLASS   BANK0          
                cstackBANK0                          80       80       26         1
                dataBANK0                            B2       B2        4         1
                bssBANK0                             A6       A6        C         1

        CLASS   BANK1          

        CLASS   BANK2          

        CLASS   BANK3          

        CLASS   BANK4          

        CLASS   BANK5          

        CLASS   BANK6          

        CLASS   BANK7          

        CLASS   BANK8          

        CLASS   BANK9          

        CLASS   BANK10         

        CLASS   BANK11         

        CLASS   BANK12         

        CLASS   BANK13         

        CLASS   BANK14         

        CLASS   BANK15         

        CLASS   SFR            

        CLASS   BIGSFR         

        CLASS   CONFIG         
                config                           300000   300000        E         4

        CLASS   IDLOC          
                idloc                            200000   200000        8         5

        CLASS   EEDATA         

        CLASS   FARRAM         

        CLASS   STACK          



SEGMENTS        Name                           Load    Length   Top    Selector   Space  Class

                reset_vec                      000000  000006  000006         0       0  CODE    
                cstackCOMRAM                   000001  000058  000059         1       1  COMRAM  
                intcodelo                      000018  00012C  000144         C       0  CODE    
                cstackBANK0                    000080  000036  0000B6        80       1  BANK0   
                heap                           0000B6  000E39  000EEF        B6       7  HEAP    
                smallconst                     001000  000002  001002       800       0  SMALLCON
                text26                         001002  0014FE  002500       801       0  CODE    


UNUSED ADDRESS RANGES

        Name                Unused          Largest block    Delta
        BANK0            0000B6-0000FF               4A
        BANK1            000100-0001FF              100
        BANK10           000A00-000AFF              100
        BANK11           000B00-000BFF              100
        BANK12           000C00-000CFF              100
        BANK13           000D00-000DFF              100
        BANK14           000E00-000EEE               EF
        BANK15           000F00-000F7F               80
        BANK2            000200-0002FF              100
        BANK3            000300-0003FF              100
        BANK4            000400-0004FF              100
        BANK5            000500-0005FF              100
        BANK6            000600-0006FF              100
        BANK7            000700-0007FF              100
        BANK8            000800-0008FF              100
        BANK9            000900-0009FF              100
        BIGRAM           000059-00007F               27
                         0000B6-000EEE              E39
                         000F00-000F7F               80
        BIGSFR           000F80-000F9B               1C
                         000F9D-000FD3               37
                         000FD5-000FDA                6
                         000FE0-000FE2                3
                         000FE8-000FEA                3
                         000FF0-000FFB                C
        CODE             000006-000017               12
                         000144-000FFF              EBC
                         002500-00FCFF             D800
        COMRAM           000059-00007F               27
        CONST            000006-000017               12
                         000144-000FFF              EBC
                         002500-00FCFF             D800
        EEDATA           F00000-F003FF              400
        MEDIUMCONST      002500-00FCFF             D800
        RAM              0000B6-000EEE              100
                         000F00-000F7F               80
        SFR              000F80-000F9B               1C
                         000F9D-000FD3               37
                         000FD5-000FDA                6
                         000FE0-000FE2                3
                         000FE8-000FEA                3
                         000FF0-000FFB                C
        SMALLCONST       002500-00FCFF              100

                                  Symbol Table

?___awmod                            cstackCOMRAM 000001
?___expand_heap                      cstackBANK0  000080
?___simple_search_fl                 cstackBANK0  000080
?_getRandomValue                     cstackCOMRAM 000001
?_makeDeepCopy                       cstackCOMRAM 000021
?_malloc                             cstackBANK0  000094
?i1___expand_heap                    cstackCOMRAM 000001
?i1___simple_search_fl               cstackCOMRAM 000001
?i1_malloc                           cstackCOMRAM 000015
_BAUDCONbits                         (abs)        000FB8
_CMCON                               (abs)        000FB4
_INTCONbits                          (abs)        000FF2
_IPR1bits                            (abs)        000F9F
_LATBbits                            (abs)        000F8A
_LNCONbits                           bssCOMRAM    000057
_OSCCON                              (abs)        000FD3
_OSCCONbits                          (abs)        000FD3
_OSCTUNE                             (abs)        000F9B
_OSCTUNEbits                         (abs)        000F9B
_PIE1bits                            (abs)        000F9D
_PIR1bits                            (abs)        000F9E
_PORTCbits                           (abs)        000F82
_RCONbits                            (abs)        000FD0
_RCREG                               (abs)        000FAE
_RCSTAbits                           (abs)        000FAB
_SPBRG                               (abs)        000FAF
_SPBRGH                              (abs)        000FB0
_T1CON                               (abs)        000FCD
_TMR1H                               (abs)        000FCF
_TMR1L                               (abs)        000FCE
_TRISAbits                           (abs)        000F92
_TRISBbits                           (abs)        000F93
_TRISCbits                           (abs)        000F94
_TXREG                               (abs)        000FAD
_TXSTAbits                           (abs)        000FAC
__                                   bssCOMRAM    000056
__HRAM                               (abs)        000000
__H__absolute__                      __absolute__ 000000
__Habs1                              abs1         000000
__Hbank0                             bank0        000000
__Hbank1                             bank1        000000
__Hbank10                            bank10       000000
__Hbank11                            bank11       000000
__Hbank12                            bank12       000000
__Hbank13                            bank13       000000
__Hbank14                            bank14       000000
__Hbank15                            bank15       000000
__Hbank2                             bank2        000000
__Hbank3                             bank3        000000
__Hbank4                             bank4        000000
__Hbank5                             bank5        000000
__Hbank6                             bank6        000000
__Hbank7                             bank7        000000
__Hbank8                             bank8        000000
__Hbank9                             bank9        000000
__Hbigbss                            bigbss       000000
__Hbigdata                           bigdata      000000
__Hbigram                            bigram       000000
__Hbigsfr                            bigsfr       000000
__Hbss                               bss          000000
__HbssBANK0                          bssBANK0     000000
__HbssCOMRAM                         bssCOMRAM    000000
__Hcinit                             cinit        000000
__Hclrtext                           clrtext      000000
__Hcomram                            comram       000000
__Hconfig                            config       30000E
__Hconst                             const        000000
__HcstackBANK0                       cstackBANK0  000000
__HcstackCOMRAM                      cstackCOMRAM 000000
__Hdata                              data         000000
__HdataBANK0                         dataBANK0    000000
__Heeprom_data                       eeprom_data  000000
__Hfarbss                            farbss       000000
__Hfardata                           fardata      000000
__Hheap                              heap         000EEF
__Hibigdata                          ibigdata     000000
__Hidata                             idata        000000
__HidataBANK0                        idataBANK0   000000
__Hidloc                             idloc        200008
__Hifardata                          ifardata     000000
__Hinit                              init         000144
__Hintcode                           intcode      000006
__Hintcode_body                      intcode_body 000000
__Hintcodelo                         intcodelo    000140
__Hintentry                          intentry     000000
__Hintret                            intret       000000
__Hintsave_regs                      intsave_regs 000000
__Hirdata                            irdata       000000
__Hmediumconst                       mediumconst  000000
__HnvFARRAM                          nvFARRAM     000000
__Hnvbit                             nvbit        000000
__Hnvrram                            nvrram       000000
__Hparam                             rparam       000000
__Hpowerup                           powerup      000140
__Hram                               ram          000000
__Hramtop                            ramtop       001000
__Hrbit                              rbit         000000
__Hrbss                              rbss         000000
__Hrdata                             rdata        000000
__Hreset_vec                         reset_vec    000006
__Hrparam                            rparam       000000
__Hsfr                               sfr          000000
__Hsmallconst                        smallconst   001002
__Hspace_0                           (abs)        002500
__Hspace_1                           (abs)        0000B6
__Hspace_2                           (abs)        000000
__Hspace_4                           (abs)        60000E
__Hstack                             stack        000000
__Hstruct                            struct       000000
__Htemp                              temp         000059
__Htext                              text         000000
__Htext0                             text0        000000
__Htext1                             text1        000000
__Htext10                            text10       000000
__Htext12                            text12       000000
__Htext13                            text13       000000
__Htext14                            text14       000000
__Htext15                            text15       000000
__Htext16                            text16       000000
__Htext17                            text17       000000
__Htext18                            text18       000000
__Htext19                            text19       000000
__Htext2                             text2        000000
__Htext20                            text20       000000
__Htext21                            text21       000000
__Htext22                            text22       000000
__Htext23                            text23       000000
__Htext24                            text24       000000
__Htext25                            text25       000000
__Htext26                            text26       000000
__Htext27                            text27       000000
__Htext28                            text28       000000
__Htext29                            text29       000000
__Htext3                             text3        000000
__Htext30                            text30       000000
__Htext31                            text31       000000
__Htext4                             text4        000000
__Htext5                             text5        000000
__Htext6                             text6        000000
__Htext7                             text7        000000
__Htext8                             text8        000000
__Htext9                             text9        000000
__LRAM                               (abs)        000001
__L__absolute__                      __absolute__ 000000
__Labs1                              abs1         000000
__Lbank0                             bank0        000000
__Lbank1                             bank1        000000
__Lbank10                            bank10       000000
__Lbank11                            bank11       000000
__Lbank12                            bank12       000000
__Lbank13                            bank13       000000
__Lbank14                            bank14       000000
__Lbank15                            bank15       000000
__Lbank2                             bank2        000000
__Lbank3                             bank3        000000
__Lbank4                             bank4        000000
__Lbank5                             bank5        000000
__Lbank6                             bank6        000000
__Lbank7                             bank7        000000
__Lbank8                             bank8        000000
__Lbank9                             bank9        000000
__Lbigbss                            bigbss       000000
__Lbigdata                           bigdata      000000
__Lbigram                            bigram       000000
__Lbigsfr                            bigsfr       000000
__Lbss                               bss          000000
__LbssBANK0                          bssBANK0     000000
__LbssCOMRAM                         bssCOMRAM    000000
__Lcinit                             cinit        000000
__Lclrtext                           clrtext      000000
__Lcomram                            comram       000000
__Lconfig                            config       000000
__Lconst                             const        000000
__LcstackBANK0                       cstackBANK0  000000
__LcstackCOMRAM                      cstackCOMRAM 000000
__Ldata                              data         000000
__LdataBANK0                         dataBANK0    000000
__Leeprom_data                       eeprom_data  000000
__Lfarbss                            farbss       000000
__Lfardata                           fardata      000000
__Lheap                              heap         0000B6
__Libigdata                          ibigdata     000000
__Lidata                             idata        000000
__LidataBANK0                        idataBANK0   000000
__Lidloc                             idloc        000000
__Lifardata                          ifardata     000000
__Linit                              init         000140
__Lintcode                           intcode      000006
__Lintcode_body                      intcode_body 000000
__Lintcodelo                         intcodelo    000018
__Lintentry                          intentry     000000
__Lintret                            intret       000000
__Lintsave_regs                      intsave_regs 000000
__Lirdata                            irdata       000000
__Lmediumconst                       mediumconst  000000
__LnvFARRAM                          nvFARRAM     000000
__Lnvbit                             nvbit        000000
__Lnvrram                            nvrram       000000
__Lparam                             rparam       000000
__Lpowerup                           powerup      000140
__Lram                               ram          000000
__Lramtop                            ramtop       001000
__Lrbit                              rbit         000000
__Lrbss                              rbss         000000
__Lrdata                             rdata        000000
__Lreset_vec                         reset_vec    000000
__Lrparam                            rparam       000000
__Lsfr                               sfr          000000
__Lsmallconst                        smallconst   001000
__Lspace_0                           (abs)        000000
__Lspace_1                           (abs)        000000
__Lspace_2                           (abs)        000000
__Lspace_4                           (abs)        000000
__Lstack                             stack        000000
__Lstruct                            struct       000000
__Ltemp                              temp         000058
__Ltext                              text         000000
__Ltext0                             text0        000000
__Ltext1                             text1        000000
__Ltext10                            text10       000000
__Ltext12                            text12       000000
__Ltext13                            text13       000000
__Ltext14                            text14       000000
__Ltext15                            text15       000000
__Ltext16                            text16       000000
__Ltext17                            text17       000000
__Ltext18                            text18       000000
__Ltext19                            text19       000000
__Ltext2                             text2        000000
__Ltext20                            text20       000000
__Ltext21                            text21       000000
__Ltext22                            text22       000000
__Ltext23                            text23       000000
__Ltext24                            text24       000000
__Ltext25                            text25       000000
__Ltext26                            text26       000000
__Ltext27                            text27       000000
__Ltext28                            text28       000000
__Ltext29                            text29       000000
__Ltext3                             text3        000000
__Ltext30                            text30       000000
__Ltext31                            text31       000000
__Ltext4                             text4        000000
__Ltext5                             text5        000000
__Ltext6                             text6        000000
__Ltext7                             text7        000000
__Ltext8                             text8        000000
__Ltext9                             text9        000000
__S0                                 (abs)        002500
__S1                                 (abs)        0000B6
__S4                                 (abs)        000000
__S5                                 (abs)        000000
__S7                                 (abs)        000EEF
__XTAL_FREQ                          dataBANK0    0000B2
___awmod                             text31       001E28
___awmod@counter                     cstackCOMRAM 000005
___awmod@dividend                    cstackCOMRAM 000001
___awmod@divisor                     cstackCOMRAM 000003
___awmod@sign                        cstackCOMRAM 000006
___expand_heap                       text6        001ED8
___expand_heap@n                     cstackBANK0  000084
___expand_heap@new_brkp              cstackBANK0  000086
___expand_heap@pn                    cstackBANK0  000080
___freelist                          bssBANK0     0000AC
___heap_hi                           heap         000EEF
___heap_lo                           heap         0000B6
___inthi_sp                          stack        000000
___inthi_stack_hi                    stack        000000
___inthi_stack_lo                    stack        000000
___intlo_sp                          stack        000000
___intlo_stack_hi                    stack        000000
___intlo_stack_lo                    stack        000000
___param_bank                        (abs)        000000
___rparam_used                       (abs)        000001
___simple_search_fl                  text5        00127C
___simple_search_fl@best             cstackBANK0  000092
___simple_search_fl@best_last        cstackBANK0  000088
___simple_search_fl@c                cstackBANK0  000090
___simple_search_fl@last             cstackBANK0  00008C
___simple_search_fl@n                cstackBANK0  000080
___simple_search_fl@next             cstackBANK0  00008E
___simple_search_fl@remaining_size   cstackBANK0  000086
___simple_search_fl@split            cstackBANK0  00008A
___sp                                stack        000000
___stack_hi                          stack        000000
___stack_lo                          stack        000000
__accesstop                          (abs)        000080
__activetblptr                       (abs)        000002
__end_of___awmod                     text31       001ED8
__end_of___expand_heap               text6        001F86
__end_of___simple_search_fl          text5        0014F4
__end_of__initialization             cinit        0023CC
__end_of_deQueue                     text17       00221A
__end_of_enQueue                     text29       001E28
__end_of_free                        text28       001B18
__end_of_getRandomValue              text23       00240C
__end_of_isLnFree                    text16       002464
__end_of_isQueueEmpty                text18       002486
__end_of_isQueueFull                 text30       00243C
__end_of_lnInit                      text1        002346
__end_of_lnInitComparator            text10       0024FC
__end_of_lnInitEusart                text8        0024A4
__end_of_lnInitIsr                   text7        0024DC
__end_of_lnInitQueue                 text3        0021AC
__end_of_lnInitTmr1                  text2        0024EA
__end_of_lnIsr                       intcodelo    000140
__end_of_lnIsrRc                     text14       002280
__end_of_lnIsrTmr1                   text13       0020BA
__end_of_main                        text0        0022E4
__end_of_makeDeepCopy                text24       001D6E
__end_of_malloc                      text4        00185A
__end_of_rxChecksum                  text20       00213C
__end_of_rxHandler                   text19       0016F6
__end_of_setBRG                      text9        0024F4
__end_of_startCmpDelay               text22       002394
__end_of_startLinebreak              text21       0024BA
__end_of_startLinebreakExtension     text12       0024CC
__end_of_txHandler                   text15       001C6C
__end_ofi1___expand_heap             text27       002034
__end_ofi1___simple_search_fl        text26       00127C
__end_ofi1_malloc                    text25       0019BC
__initialization                     cinit        002394
__mediumconst                        mediumconst  000000
__pbssBANK0                          bssBANK0     0000A6
__pbssCOMRAM                         bssCOMRAM    000047
__pcinit                             cinit        002394
__pcstackBANK0                       cstackBANK0  000080
__pcstackCOMRAM                      cstackCOMRAM 000001
__pdataBANK0                         dataBANK0    0000B2
__pidataBANK0                        idataBANK0   0024FC
__pintcodelo                         intcodelo    000018
__psmallconst                        smallconst   001000
__ptext0                             text0        002280
__ptext1                             text1        0022E4
__ptext10                            text10       0024F4
__ptext12                            text12       0024BA
__ptext13                            text13       002034
__ptext14                            text14       00221A
__ptext15                            text15       001B18
__ptext16                            text16       00243C
__ptext17                            text17       0021AC
__ptext18                            text18       002464
__ptext19                            text19       0014F4
__ptext2                             text2        0024DC
__ptext20                            text20       0020BA
__ptext21                            text21       0024A4
__ptext22                            text22       002346
__ptext23                            text23       0023DA
__ptext24                            text24       001C6C
__ptext25                            text25       00185A
__ptext26                            text26       001002
__ptext27                            text27       001F86
__ptext28                            text28       0019BC
__ptext29                            text29       001D6E
__ptext3                             text3        00213C
__ptext30                            text30       00240C
__ptext31                            text31       001E28
__ptext4                             text4        0016F6
__ptext5                             text5        00127C
__ptext6                             text6        001ED8
__ptext7                             text7        0024CC
__ptext8                             text8        002486
__ptext9                             text9        0024EA
__ramtop                             ramtop       001000
__smallconst                         smallconst   001000
_brkp                                bssBANK0     0000A6
_deQueue                             text17       0021AC
_enQueue                             text29       001D6E
_errno                               bssCOMRAM    00004B
_free                                text28       0019BC
_getRandomValue                      text23       0023DA
_isLnFree                            text16       00243C
_isLnFree$995                        cstackCOMRAM 000001
_isQueueEmpty                        text18       002464
_isQueueFull                         text30       00240C
_lastRandomValue                     bssCOMRAM    000051
_lnInit                              text1        0022E4
_lnInitComparator                    text10       0024F4
_lnInitEusart                        text8        002486
_lnInitIsr                           text7        0024CC
_lnInitQueue                         text3        00213C
_lnInitTmr1                          text2        0024DC
_lnIsr                               intcodelo    000018
_lnIsrRc                             text14       00221A
_lnIsrTmr1                           text13       002034
_lnRxCounter                         bssCOMRAM    000055
_lnRxMessage                         bssCOMRAM    00004F
_lnRxQueue                           bssBANK0     0000AE
_lnTxCounter                         bssCOMRAM    000054
_lnTxData                            bssCOMRAM    000053
_lnTxMessage                         bssCOMRAM    00004D
_lnTxQueue                           bssBANK0     0000B0
_main                                text0        002280
_makeDeepCopy                        text24       001C6C
_malloc                              text4        0016F6
_rxChecksum                          text20       0020BA
_rxHandler                           text19       0014F4
_setBRG                              text9        0024EA
_startCmpDelay                       text22       002346
_startLinebreak                      text21       0024A4
_startLinebreakExtension             text12       0024BA
_txHandler                           text15       001B18
btemp                                temp         000058
deQueue@q                            cstackCOMRAM 000007
enQueue@q                            cstackCOMRAM 00002A
enQueue@value                        cstackCOMRAM 00002C
end_of_initialization                cinit        0023CC
free@c                               cstackCOMRAM 000009
free@cptr                            cstackCOMRAM 000007
free@ptr                             cstackCOMRAM 000001
getRandomValue@lfsr                  cstackCOMRAM 000001
getRandomValue@lsb                   cstackCOMRAM 000003
i1___expand_heap                     text27       001F86
i1___expand_heap@n                   cstackCOMRAM 000005
i1___expand_heap@new_brkp            cstackCOMRAM 000007
i1___expand_heap@pn                  cstackCOMRAM 000001
i1___simple_search_fl                text26       001002
i1___simple_search_fl@best           cstackCOMRAM 000013
i1___simple_search_fl@best_last      cstackCOMRAM 000009
i1___simple_search_fl@c              cstackCOMRAM 000011
i1___simple_search_fl@last           cstackCOMRAM 00000D
i1___simple_search_fl@n              cstackCOMRAM 000001
i1___simple_search_fl@next           cstackCOMRAM 00000F
i1___simple_search_fl@remaining_size cstackCOMRAM 000007
i1___simple_search_fl@split          cstackCOMRAM 00000B
i1_malloc                            text25       00185A
i1malloc@m                           cstackCOMRAM 000019
i1malloc@n                           cstackCOMRAM 000015
i1malloc@new                         cstackCOMRAM 00001F
i1malloc@p                           cstackCOMRAM 00001D
i1malloc@sz                          cstackCOMRAM 00001B
int$flags                            temp         000058
intlevel0                            text         000000
intlevel1                            text         000000
intlevel2                            text         000000
intlevel3                            text         000000
isQueueEmpty@q                       cstackCOMRAM 000001
isQueueFull@q                        cstackCOMRAM 000001
isa$std                              (abs)        000001
isa$xinst                            (abs)        000000
lnInitQueue@q                        cstackBANK0  0000A0
lnInitQueue@size                     cstackBANK0  0000A2
lnIsrRc@lnRxData                     cstackCOMRAM 00003D
makeDeepCopy@i                       cstackCOMRAM 000027
makeDeepCopy@lnMessageCopy           cstackCOMRAM 000028
makeDeepCopy@lnMessageOrig           cstackCOMRAM 000021
malloc@cur                           bssBANK0     0000AA
malloc@end                           bssBANK0     0000A8
malloc@lock                          bssCOMRAM    000047
malloc@m                             cstackBANK0  00009A
malloc@n                             cstackBANK0  000094
malloc@new                           cstackBANK0  00009E
malloc@p                             cstackBANK0  00009C
malloc@sz                            cstackBANK0  000098
rxChecksum@checksum                  cstackCOMRAM 000037
rxChecksum@lnMessage                 cstackCOMRAM 000035
rxChecksum@lnQueue                   cstackCOMRAM 000033
rxHandler@lnRxData                   cstackCOMRAM 00003C
stackhi                              (abs)        000000
stacklo                              (abs)        000000
start                                init         000140
startCmpDelay@delay                  cstackCOMRAM 000007
start_initialization                 cinit        002394
ttemp5                               temp         000059
ttemp6                               temp         00005C
ttemp7                               temp         000060
wtemp8                               temp         000059


MODULE INFORMATION

Module		Function		Class		Link	Load	Size
C:\Program Files\Microchip\xc8\v2.45\pic\sources\c99\common\expand_heap.c
		___expand_heap 		CODE           	1ED8	0000	174

C:\Program Files\Microchip\xc8\v2.45\pic\sources\c99\common\expand_heap.c estimated size: 174

C:\Program Files\Microchip\xc8\v2.45\pic\sources\c99\common\lite_malloc.c
		_malloc        		CODE           	16F6	0000	356

C:\Program Files\Microchip\xc8\v2.45\pic\sources\c99\common\lite_malloc.c estimated size: 356

circular_queue.c
		_enQueue       		CODE           	1D6E	0000	186
		_isQueueFull   		CODE           	240C	0000	48
		_isQueueEmpty  		CODE           	2464	0000	34
		_makeDeepCopy  		CODE           	1C6C	0000	258
		_lnInitQueue   		CODE           	213C	0000	112
		_deQueue       		CODE           	21AC	0000	110

circular_queue.c estimated size: 748

ln.c
		_lnIsrTmr1     		CODE           	2034	0000	134
		_isLnFree      		CODE           	243C	0000	40
		_lnInit        		CODE           	22E4	0000	98
		_startLinebreakExtension		CODE           	24BA	0000	18
		_lnIsr         		CODE           	0018	0000	296
		_startLinebreak		CODE           	24A4	0000	22
		_lnInitIsr     		CODE           	24CC	0000	16
		_lnInitComparator		CODE           	24F4	0000	8
		_lnIsrRc       		CODE           	221A	0000	102
		_setBRG        		CODE           	24EA	0000	10
		_lnInitEusart  		CODE           	2486	0000	30
		_rxChecksum    		CODE           	20BA	0000	130
		_startCmpDelay 		CODE           	2346	0000	78
		_rxHandler     		CODE           	14F4	0000	514
		_lnInitTmr1    		CODE           	24DC	0000	14
		_txHandler     		CODE           	1B18	0000	340
		_getRandomValue		CODE           	23DA	0000	50

ln.c estimated size: 1900

C:\Program Files\Microchip\xc8\v2.45\pic\sources\c99\common\awmod.c
		___awmod       		CODE           	1E28	0000	176

C:\Program Files\Microchip\xc8\v2.45\pic\sources\c99\common\awmod.c estimated size: 176

C:\Program Files\Microchip\xc8\v2.45\pic\sources\c99\common\lite_free.c
		___simple_search_fl		CODE           	127C	0000	632
		_free          		CODE           	19BC	0000	348

C:\Program Files\Microchip\xc8\v2.45\pic\sources\c99\common\lite_free.c estimated size: 980

shared
		i1___expand_heap		CODE           	1F86	0000	174
		__initialization		CODE           	2394	0000	56
		i1___simple_search_fl		CODE           	1002	0000	634
		i1_malloc      		CODE           	185A	0000	354

shared estimated size: 1218

main.c
		_main          		CODE           	2280	0000	100

main.c estimated size: 100

